// Jest Snapshot v1, https://goo.gl/fbAQLP

exports[`Main Main snapshot 1`] = `
<div
  className="header-container"
>
  <div
    className="header-site-name col-3"
  >
    <Link
      replace={false}
      to="/"
    >
      Adopt A Family
    </Link>
  </div>
  <ul
    className="header-links col-8"
  >
    <li
      className="header-mission"
    >
      Mission
    </li>
    <li
      className="header-family"
    >
      Our Families
    </li>
    <li
      className="header-about"
    >
      <Link
        replace={false}
        to="/aboutus"
      >
        About us
      </Link>
    </li>
    <li
      className="header-donate"
    >
      Donate
    </li>
    <li>
      <Link
        replace={false}
        to="/registration"
      >
        <button
          className="btn-register"
        >
          ADOPT A FAMILY
        </button>
      </Link>
    </li>
  </ul>
</div>
`;
